2024-12-10 17:09:39,164 [INFO] Activator:176 - 


2024-12-10 17:09:39,164 [INFO] Activator:177 - !SESSION log4j initialized
2024-12-10 17:09:42,431 [INFO] LogOutputStream:77 - [STDOUT_REDIRECT] 
2024-12-10 17:10:00,945 [INFO] ApplicationProperties:184 - Using Application install path: C:\ST\STM32CubeIDE_1.17.0\STM32CubeIDE\plugins\com.st.stm32cube.common.mx_6.13.0.202411220809
2024-12-10 17:10:00,973 [INFO] DbMcusXml:78 - Set database path to: C:\ST\STM32CubeIDE_1.17.0\STM32CubeIDE\plugins\com.st.stm32cube.common.mx_6.13.0.202411220809\\db\/mcu/
2024-12-10 17:10:00,974 [INFO] ApiDb:274 - Set plugin database path to: C:\ST\STM32CubeIDE_1.17.0\STM32CubeIDE\plugins\com.st.stm32cube.common.mx_6.13.0.202411220809\\db\/plugins/boardmanager/
2024-12-10 17:10:00,982 [WARN] ApiDb:259 - Overriding images path with different value:  => C:\ST\STM32CubeIDE_1.17.0\STM32CubeIDE\plugins\com.st.stm32cube.common.mx_6.13.0.202411220809\\db\/plugins/mcufinder/images/
2024-12-10 17:10:00,990 [INFO] ApiDb:250 - Set database path to: C:\Users\NAM\.stmcufinder\plugins\mcufinder//mcu/
2024-12-10 17:10:00,991 [INFO] DbMcusAds:125 - Set database path to: C:\Users\NAM\.stmcufinder\plugins\mcufinder//mcu/
2024-12-10 17:10:01,034 [INFO] CrossReferenceDbSqlite:203 - Set database path to: C:\Users\NAM\.stmcufinder\plugins\mcufinder//mcu/cs/
2024-12-10 17:10:01,271 [INFO] RulesReader:64 - Compatibility file has been processed (297 Rules)
2024-12-10 17:10:01,440 [INFO] DbMcusXml:78 - Set database path to: C:\ST\STM32CubeIDE_1.17.0\STM32CubeIDE\plugins\com.st.stm32cube.common.mx_6.13.0.202411220809\\db\/mcu/
2024-12-10 17:10:01,440 [INFO] ApiDb:274 - Set plugin database path to: C:\ST\STM32CubeIDE_1.17.0\STM32CubeIDE\plugins\com.st.stm32cube.common.mx_6.13.0.202411220809\\db\/plugins/boardmanager/
2024-12-10 17:10:01,440 [INFO] ApiDb:261 - Set plugin images path to: C:\ST\STM32CubeIDE_1.17.0\STM32CubeIDE\plugins\com.st.stm32cube.common.mx_6.13.0.202411220809\\db\/plugins/mcufinder/images/
2024-12-10 17:10:01,440 [WARN] DbFile:41 - Overriding database path with different value: C:\Users\NAM\.stmcufinder\plugins\mcufinder/ => C:\Users\NAM\.stmcufinder\plugins\mcufinder
2024-12-10 17:10:01,442 [INFO] ApiDb:250 - Set database path to: C:\Users\NAM\.stmcufinder\plugins\mcufinder//mcu/
2024-12-10 17:10:01,442 [WARN] DbFile:41 - Overriding database path with different value: C:\Users\NAM\.stmcufinder\plugins\mcufinder/ => C:\Users\NAM\.stmcufinder\plugins\mcufinder
2024-12-10 17:10:01,442 [INFO] DbMcusAds:125 - Set database path to: C:\Users\NAM\.stmcufinder\plugins\mcufinder//mcu/
2024-12-10 17:10:01,442 [WARN] DbFile:41 - Overriding database path with different value: C:\Users\NAM\.stmcufinder\plugins\mcufinder/ => C:\Users\NAM\.stmcufinder\plugins\mcufinder
2024-12-10 17:10:01,442 [WARN] DbFile:41 - Overriding database path with different value: C:\Users\NAM\.stmcufinder\plugins\mcufinder/ => C:\Users\NAM\.stmcufinder\plugins\mcufinder
2024-12-10 17:10:01,442 [INFO] CrossReferenceDbSqlite:203 - Set database path to: C:\Users\NAM\.stmcufinder\plugins\mcufinder//mcu/cs/
2024-12-10 17:10:01,537 [INFO] MainPanel:272 - HeapMemory: 268435456
2024-12-10 17:10:01,639 [INFO] DbMcusXml:78 - Set database path to: C:\ST\STM32CubeIDE_1.17.0\STM32CubeIDE\plugins\com.st.stm32cube.common.mx_6.13.0.202411220809\\db\/mcu/
2024-12-10 17:10:01,639 [INFO] ApiDb:274 - Set plugin database path to: C:\ST\STM32CubeIDE_1.17.0\STM32CubeIDE\plugins\com.st.stm32cube.common.mx_6.13.0.202411220809\\db\/plugins/boardmanager/
2024-12-10 17:10:01,639 [INFO] ApiDb:261 - Set plugin images path to: C:\ST\STM32CubeIDE_1.17.0\STM32CubeIDE\plugins\com.st.stm32cube.common.mx_6.13.0.202411220809\\db\/plugins/mcufinder/images/
2024-12-10 17:10:01,640 [WARN] DbFile:41 - Overriding database path with different value: C:\Users\NAM\.stmcufinder\plugins\mcufinder/ => C:\Users\NAM\.stmcufinder\plugins\mcufinder
2024-12-10 17:10:01,640 [INFO] ApiDb:250 - Set database path to: C:\Users\NAM\.stmcufinder\plugins\mcufinder//mcu/
2024-12-10 17:10:01,640 [WARN] DbFile:41 - Overriding database path with different value: C:\Users\NAM\.stmcufinder\plugins\mcufinder/ => C:\Users\NAM\.stmcufinder\plugins\mcufinder
2024-12-10 17:10:01,640 [INFO] DbMcusAds:125 - Set database path to: C:\Users\NAM\.stmcufinder\plugins\mcufinder//mcu/
2024-12-10 17:10:01,640 [WARN] DbFile:41 - Overriding database path with different value: C:\Users\NAM\.stmcufinder\plugins\mcufinder/ => C:\Users\NAM\.stmcufinder\plugins\mcufinder
2024-12-10 17:10:01,640 [WARN] DbFile:41 - Overriding database path with different value: C:\Users\NAM\.stmcufinder\plugins\mcufinder/ => C:\Users\NAM\.stmcufinder\plugins\mcufinder
2024-12-10 17:10:01,641 [INFO] CrossReferenceDbSqlite:203 - Set database path to: C:\Users\NAM\.stmcufinder\plugins\mcufinder//mcu/cs/
2024-12-10 17:10:01,664 [INFO] ApplicationProperties:184 - Using Application install path: C:\ST\STM32CubeIDE_1.17.0\STM32CubeIDE\plugins\com.st.stm32cube.common.mx_6.13.0.202411220809
2024-12-10 17:10:01,666 [INFO] PluginManage:196 - Search for loadable plugins [exclusion list=, ]
2024-12-10 17:10:01,669 [INFO] PluginManage:310 - Check plugin analytics
2024-12-10 17:10:02,095 [INFO] AnalyticsPlugin:253 - Accepted Software Licenses: 
2024-12-10 17:10:02,096 [INFO] AnalyticsPlugin:255 - Accepted CMSIS Pack Licenses: 
2024-12-10 17:10:02,096 [INFO] AnalyticsPlugin:257 - Accepted Firmware Licenses: FW.F4.1.28.0
2024-12-10 17:10:02,100 [INFO] PluginManage:359 - Loaded plugin analytics (category:tool,tabindex:-1)
2024-12-10 17:10:02,100 [INFO] PluginManage:310 - Check plugin cadmodel
2024-12-10 17:10:02,109 [INFO] CADModel:105 - Init CAD model plugin
2024-12-10 17:10:02,109 [INFO] PluginManage:359 - Loaded plugin cadmodel (category:power,tabindex:5)
2024-12-10 17:10:02,110 [INFO] PluginManage:310 - Check plugin clock
2024-12-10 17:10:02,128 [INFO] PluginManage:359 - Loaded plugin clock (category:base,tabindex:2)
2024-12-10 17:10:02,129 [INFO] PluginManage:310 - Check plugin ddr
2024-12-10 17:10:02,132 [INFO] PluginManage:359 - Loaded plugin ddr (category:tool,tabindex:6)
2024-12-10 17:10:02,133 [INFO] PluginManage:310 - Check plugin filemanager
2024-12-10 17:10:02,441 [INFO] PluginManage:359 - Loaded plugin filemanager (category:base,tabindex:10)
2024-12-10 17:10:02,442 [INFO] PluginManage:310 - Check plugin ipmanager
2024-12-10 17:10:02,452 [INFO] PluginManage:359 - Loaded plugin ipmanager (category:base,tabindex:5)
2024-12-10 17:10:02,453 [INFO] PluginManage:310 - Check plugin lpbam
2024-12-10 17:10:02,463 [INFO] PluginManage:359 - Loaded plugin lpbam (category:base,tabindex:0)
2024-12-10 17:10:02,463 [INFO] PluginManage:310 - Check plugin memorymap
2024-12-10 17:10:02,475 [INFO] PluginManage:359 - Loaded plugin memorymap (category:base,tabindex:4)
2024-12-10 17:10:02,475 [INFO] PluginManage:310 - Check plugin pinoutandconfiguration
2024-12-10 17:10:02,486 [INFO] PluginManage:359 - Loaded plugin pinoutandconfiguration (category:base,tabindex:1)
2024-12-10 17:10:02,486 [INFO] PluginManage:310 - Check plugin pinoutconfig
2024-12-10 17:10:02,600 [WARN] SupportedApi:132 - Cannot load RTOS API schema: s4s-elt-must-match.1: The content of 'definitions' must match (annotation?, (simpleType | complexType)?, (unique | key | keyref)*)). A problem was found starting at: attribute.
2024-12-10 17:10:02,767 [INFO] PluginManage:359 - Loaded plugin pinoutconfig (category:base,tabindex:0)
2024-12-10 17:10:02,768 [INFO] PluginManage:310 - Check plugin power
2024-12-10 17:10:02,775 [INFO] PluginManage:359 - Loaded plugin power (category:power,tabindex:4)
2024-12-10 17:10:02,775 [INFO] PluginManage:310 - Check plugin projectmanager
2024-12-10 17:10:02,798 [INFO] PluginManage:359 - Loaded plugin projectmanager (category:projectmanager,tabindex:4)
2024-12-10 17:10:02,798 [INFO] PluginManage:310 - Check plugin rif
2024-12-10 17:10:02,805 [INFO] PluginManage:359 - Loaded plugin rif (category:base,tabindex:3)
2024-12-10 17:10:02,805 [INFO] PluginManage:310 - Check plugin thirdparty
2024-12-10 17:10:03,059 [WARN] IntegrityCheckThread:84 - waiting for thirdparty lock release [integrity check]
2024-12-10 17:10:03,061 [INFO] IntegrityCheckThread:86 - entering critical section [integrity check]
2024-12-10 17:10:03,061 [INFO] ThirdPartyUpdaterWithRetryManager:70 - Updater plugin not ready yet. [1/15]
2024-12-10 17:10:03,068 [INFO] PluginManage:359 - Loaded plugin thirdparty (category:base,tabindex:-1)
2024-12-10 17:10:03,068 [INFO] PluginManage:310 - Check plugin tools
2024-12-10 17:10:03,077 [INFO] PluginManage:359 - Loaded plugin tools (category:base,tabindex:7)
2024-12-10 17:10:03,077 [INFO] PluginManage:310 - Check plugin tutovideos
2024-12-10 17:10:03,288 [INFO] PluginManage:359 - Loaded plugin tutovideos (category:base,tabindex:-1)
2024-12-10 17:10:03,289 [INFO] PluginManage:310 - Check plugin updater
2024-12-10 17:10:03,328 [INFO] PluginManage:359 - Loaded plugin updater (category:base,tabindex:12)
2024-12-10 17:10:03,328 [INFO] PluginManage:310 - Check plugin userauth
2024-12-10 17:10:03,360 [INFO] UserAuth:118 - Init User Auth plugin
2024-12-10 17:10:03,362 [INFO] PluginManage:359 - Loaded plugin userauth (category:base,tabindex:14)
2024-12-10 17:10:03,362 [INFO] PluginManage:283 - PluginManage : Loaded plugins [18]
2024-12-10 17:10:03,677 [INFO] PinOutPanel:1589 - setPackage(No Configuration,No Configuration)
2024-12-10 17:10:03,783 [INFO] CADModel:165 - CPN selected for project level
2024-12-10 17:10:03,783 [INFO] CADModel:114 - Register for checkConnection events
2024-12-10 17:10:03,802 [INFO] IPUIPlugin:80 - create IPUIPlugin
2024-12-10 17:10:03,802 [INFO] PluginManager:220 - loadIPPluginJar : add adc
2024-12-10 17:10:03,804 [INFO] IPUIPlugin:80 - create IPUIPlugin
2024-12-10 17:10:03,805 [INFO] PluginManager:220 - loadIPPluginJar : add aes
2024-12-10 17:10:03,807 [INFO] IPUIPlugin:80 - create IPUIPlugin
2024-12-10 17:10:03,807 [INFO] PluginManager:220 - loadIPPluginJar : add can
2024-12-10 17:10:03,810 [INFO] IPUIPlugin:80 - create IPUIPlugin
2024-12-10 17:10:03,810 [INFO] PluginManager:220 - loadIPPluginJar : add comp
2024-12-10 17:10:03,812 [INFO] IPUIPlugin:80 - create IPUIPlugin
2024-12-10 17:10:03,812 [INFO] PluginManager:220 - loadIPPluginJar : add cryp
2024-12-10 17:10:03,815 [INFO] IPUIPlugin:80 - create IPUIPlugin
2024-12-10 17:10:03,815 [INFO] PluginManager:220 - loadIPPluginJar : add ddr_ctrl_phy
2024-12-10 17:10:03,818 [INFO] IPUIPlugin:80 - create IPUIPlugin
2024-12-10 17:10:03,818 [INFO] PluginManager:220 - loadIPPluginJar : add dfsdm
2024-12-10 17:10:03,825 [INFO] IPUIPlugin:80 - create IPUIPlugin
2024-12-10 17:10:03,825 [INFO] PluginManager:220 - loadIPPluginJar : add dma
2024-12-10 17:10:03,829 [INFO] IPUIPlugin:80 - create IPUIPlugin
2024-12-10 17:10:03,829 [INFO] PluginManager:220 - loadIPPluginJar : add dma3
2024-12-10 17:10:03,832 [INFO] IPUIPlugin:80 - create IPUIPlugin
2024-12-10 17:10:03,832 [INFO] PluginManager:220 - loadIPPluginJar : add extmemmanager
2024-12-10 17:10:03,833 [INFO] IPUIPlugin:80 - create IPUIPlugin
2024-12-10 17:10:03,833 [INFO] PluginManager:220 - loadIPPluginJar : add fatfs
2024-12-10 17:10:03,839 [INFO] IPUIPlugin:80 - create IPUIPlugin
2024-12-10 17:10:03,839 [INFO] PluginManager:220 - loadIPPluginJar : add fmc
2024-12-10 17:10:03,847 [INFO] IPUIPlugin:80 - create IPUIPlugin
2024-12-10 17:10:03,847 [INFO] PluginManager:220 - loadIPPluginJar : add freertos
2024-12-10 17:10:03,847 [INFO] IPUIPlugin:80 - create IPUIPlugin
2024-12-10 17:10:03,849 [INFO] PluginManager:220 - loadIPPluginJar : add genericplugin
2024-12-10 17:10:03,850 [INFO] IPUIPlugin:80 - create IPUIPlugin
2024-12-10 17:10:03,850 [INFO] PluginManager:220 - loadIPPluginJar : add gfxmmu
2024-12-10 17:10:03,855 [INFO] IPUIPlugin:80 - create IPUIPlugin
2024-12-10 17:10:03,855 [INFO] PluginManager:220 - loadIPPluginJar : add gic
2024-12-10 17:10:03,860 [INFO] IPUIPlugin:80 - create IPUIPlugin
2024-12-10 17:10:03,860 [INFO] PluginManager:220 - loadIPPluginJar : add gpio
2024-12-10 17:10:03,861 [INFO] IPUIPlugin:80 - create IPUIPlugin
2024-12-10 17:10:03,861 [INFO] PluginManager:220 - loadIPPluginJar : add gtzc
2024-12-10 17:10:03,863 [INFO] IPUIPlugin:80 - create IPUIPlugin
2024-12-10 17:10:03,863 [INFO] PluginManager:220 - loadIPPluginJar : add hash
2024-12-10 17:10:03,867 [INFO] IPUIPlugin:80 - create IPUIPlugin
2024-12-10 17:10:03,867 [INFO] PluginManager:220 - loadIPPluginJar : add i2c
2024-12-10 17:10:03,869 [INFO] IPUIPlugin:80 - create IPUIPlugin
2024-12-10 17:10:03,869 [INFO] PluginManager:220 - loadIPPluginJar : add i2s
2024-12-10 17:10:03,873 [INFO] IPUIPlugin:80 - create IPUIPlugin
2024-12-10 17:10:03,873 [INFO] PluginManager:220 - loadIPPluginJar : add i3c
2024-12-10 17:10:03,878 [INFO] IPUIPlugin:80 - create IPUIPlugin
2024-12-10 17:10:03,878 [INFO] PluginManager:220 - loadIPPluginJar : add ipddr
2024-12-10 17:10:03,886 [INFO] IPUIPlugin:80 - create IPUIPlugin
2024-12-10 17:10:03,886 [INFO] PluginManager:220 - loadIPPluginJar : add linkedlist
2024-12-10 17:10:03,892 [INFO] IPUIPlugin:80 - create IPUIPlugin
2024-12-10 17:10:03,892 [INFO] PluginManager:220 - loadIPPluginJar : add lorawan
2024-12-10 17:10:03,893 [INFO] IPUIPlugin:80 - create IPUIPlugin
2024-12-10 17:10:03,893 [INFO] PluginManager:220 - loadIPPluginJar : add ltdc
2024-12-10 17:10:03,898 [INFO] IPUIPlugin:80 - create IPUIPlugin
2024-12-10 17:10:03,899 [INFO] PluginManager:220 - loadIPPluginJar : add mdma
2024-12-10 17:10:03,902 [INFO] IPUIPlugin:80 - create IPUIPlugin
2024-12-10 17:10:03,902 [INFO] PluginManager:220 - loadIPPluginJar : add nvic
2024-12-10 17:10:03,907 [INFO] IPUIPlugin:80 - create IPUIPlugin
2024-12-10 17:10:03,909 [INFO] PluginManager:220 - loadIPPluginJar : add opamp
2024-12-10 17:10:03,912 [INFO] IPUIPlugin:80 - create IPUIPlugin
2024-12-10 17:10:03,912 [INFO] PluginManager:220 - loadIPPluginJar : add openamp
2024-12-10 17:10:03,914 [INFO] IPUIPlugin:80 - create IPUIPlugin
2024-12-10 17:10:03,914 [INFO] PluginManager:220 - loadIPPluginJar : add pdm2pcm
2024-12-10 17:10:03,922 [INFO] IPUIPlugin:80 - create IPUIPlugin
2024-12-10 17:10:03,925 [INFO] PluginManager:220 - loadIPPluginJar : add plateformsettings
2024-12-10 17:10:03,927 [INFO] IPUIPlugin:80 - create IPUIPlugin
2024-12-10 17:10:03,927 [INFO] PluginManager:220 - loadIPPluginJar : add quadspi
2024-12-10 17:10:03,929 [INFO] IPUIPlugin:80 - create IPUIPlugin
2024-12-10 17:10:03,930 [INFO] PluginManager:220 - loadIPPluginJar : add radio
2024-12-10 17:10:03,932 [INFO] IPUIPlugin:80 - create IPUIPlugin
2024-12-10 17:10:03,932 [INFO] PluginManager:220 - loadIPPluginJar : add resmgrutility
2024-12-10 17:10:03,935 [INFO] IPUIPlugin:80 - create IPUIPlugin
2024-12-10 17:10:03,935 [INFO] PluginManager:220 - loadIPPluginJar : add sai
2024-12-10 17:10:03,938 [INFO] IPUIPlugin:80 - create IPUIPlugin
2024-12-10 17:10:03,938 [INFO] PluginManager:220 - loadIPPluginJar : add spi
2024-12-10 17:10:03,943 [INFO] IPUIPlugin:80 - create IPUIPlugin
2024-12-10 17:10:03,943 [INFO] PluginManager:220 - loadIPPluginJar : add stm32_wpan
2024-12-10 17:10:03,944 [INFO] IPUIPlugin:80 - create IPUIPlugin
2024-12-10 17:10:03,944 [INFO] PluginManager:220 - loadIPPluginJar : add tim
2024-12-10 17:10:03,947 [INFO] IPUIPlugin:80 - create IPUIPlugin
2024-12-10 17:10:03,948 [INFO] PluginManager:220 - loadIPPluginJar : add touchsensing
2024-12-10 17:10:03,949 [INFO] IPUIPlugin:80 - create IPUIPlugin
2024-12-10 17:10:03,950 [INFO] PluginManager:220 - loadIPPluginJar : add tracer_emb
2024-12-10 17:10:03,952 [INFO] IPUIPlugin:80 - create IPUIPlugin
2024-12-10 17:10:03,952 [INFO] PluginManager:220 - loadIPPluginJar : add ts
2024-12-10 17:10:03,953 [INFO] IPUIPlugin:80 - create IPUIPlugin
2024-12-10 17:10:03,953 [INFO] PluginManager:220 - loadIPPluginJar : add tsc
2024-12-10 17:10:03,955 [INFO] IPUIPlugin:80 - create IPUIPlugin
2024-12-10 17:10:03,955 [INFO] PluginManager:220 - loadIPPluginJar : add ucpd
2024-12-10 17:10:03,958 [INFO] IPUIPlugin:80 - create IPUIPlugin
2024-12-10 17:10:03,958 [INFO] PluginManager:220 - loadIPPluginJar : add usart
2024-12-10 17:10:03,961 [INFO] IPUIPlugin:80 - create IPUIPlugin
2024-12-10 17:10:03,961 [INFO] PluginManager:220 - loadIPPluginJar : add usbx
2024-12-10 17:10:04,104 [FATAL] Updater:351 - Updater called before beeing initialized
2024-12-10 17:10:04,163 [INFO] RulesReader:64 - Compatibility file has been processed (297 Rules)
2024-12-10 17:10:04,185 [INFO] RulesReader:64 - Compatibility file has been processed (297 Rules)
2024-12-10 17:10:04,221 [INFO] CADModel:165 - CPN selected for project level
2024-12-10 17:10:04,221 [INFO] CADModel:114 - Register for checkConnection events
2024-12-10 17:10:04,222 [FATAL] Updater:351 - Updater called before beeing initialized
2024-12-10 17:10:04,222 [ERROR] CADModel:125 - Updater not yet initialized, retry later 
2024-12-10 17:10:04,462 [FATAL] Updater:351 - Updater called before beeing initialized
2024-12-10 17:10:04,464 [INFO] CADModel:165 - CPN selected for project level
2024-12-10 17:10:04,464 [INFO] CADModel:114 - Register for checkConnection events
2024-12-10 17:10:04,464 [FATAL] Updater:351 - Updater called before beeing initialized
2024-12-10 17:10:04,464 [ERROR] CADModel:125 - Updater not yet initialized, retry later 
2024-12-10 17:10:04,469 [FATAL] Updater:351 - Updater called before beeing initialized
2024-12-10 17:10:04,586 [FATAL] Updater:351 - Updater called before beeing initialized
2024-12-10 17:10:04,591 [INFO] DbMcusAds:53 - JSON generation date=Fri Sep 20 20:04:23 ICT 2024 (1726837463113)
2024-12-10 17:10:04,592 [FATAL] Updater:351 - Updater called before beeing initialized
2024-12-10 17:10:04,627 [WARN] DetailPanel:346 - Failed to get advertising image, set to default
2024-12-10 17:10:04,911 [FATAL] Updater:351 - Updater called before beeing initialized
2024-12-10 17:10:04,914 [FATAL] Updater:351 - Updater called before beeing initialized
2024-12-10 17:10:04,916 [FATAL] Updater:351 - Updater called before beeing initialized
2024-12-10 17:10:04,917 [WARN] DetailPanel:346 - Failed to get advertising image, set to default
2024-12-10 17:10:04,920 [FATAL] Updater:351 - Updater called before beeing initialized
2024-12-10 17:10:05,027 [ERROR] Updater:1198 - MainUpdater not yet initialized. External WinMGr cannot be set.
2024-12-10 17:10:05,029 [INFO] Updater:1134 - Updater Version found : 6.13.0
2024-12-10 17:10:05,046 [INFO] ApplicationProperties:184 - Using Application install path: C:\ST\STM32CubeIDE_1.17.0\STM32CubeIDE\plugins\com.st.stm32cube.common.mx_6.13.0.202411220809
2024-12-10 17:10:06,063 [INFO] ThirdPartyUpdaterWithRetryManager:70 - Updater plugin not ready yet. [2/15]
2024-12-10 17:10:06,633 [ERROR] LogOutputStream:75 - [STDERR_REDIRECT] Dec 10, 2024 5:10:06 PM java.util.prefs.WindowsPreferences <init>
2024-12-10 17:10:06,636 [ERROR] LogOutputStream:75 - [STDERR_REDIRECT] WARNING: Could not open/create prefs root node Software\JavaSoft\Prefs at root 0xffffffff80000002. Windows RegCreateKeyEx(...) returned error code 5.
2024-12-10 17:10:06,637 [ERROR] LogOutputStream:75 - [STDERR_REDIRECT] 
2024-12-10 17:10:07,402 [INFO] MainUpdater:2872 - connection check result : 10
2024-12-10 17:10:07,404 [INFO] MainUpdater:289 - Updater Check For Update Now.
2024-12-10 17:10:07,409 [INFO] MicroXplorer:498 - Change Database Version : DB.6.0.130
2024-12-10 17:10:07,423 [INFO] McuFinderGlobals:63 - Set McuFinder mode to 2 (CubeIDE integrated)
2024-12-10 17:10:07,424 [INFO] UserAuth:486 - Internet connection configuration mode: 1
2024-12-10 17:10:07,538 [INFO] JxBrowserEngine:152 - Initiate JxBrowser Engine with user profile folder
2024-12-10 17:10:07,679 [INFO] CheckServerUpdateThread:120 - End of CheckServer Thread
2024-12-10 17:10:08,344 [INFO] WebApp:168 - Instantiating new browser for Auth
2024-12-10 17:10:09,129 [INFO] WebApp:449 - Apply proxy settings
2024-12-10 17:10:09,130 [INFO] WebApp:534 - Chromium requires no authentication
2024-12-10 17:10:09,176 [INFO] WebApp:477 - Direct internet connection detected
2024-12-10 17:10:09,214 [INFO] WebApp:880 - Register for checkConnection events
2024-12-10 17:10:09,214 [INFO] WebApp:449 - Apply proxy settings
2024-12-10 17:10:09,214 [INFO] WebApp:534 - Chromium requires no authentication
2024-12-10 17:10:09,217 [INFO] WebApp:477 - Direct internet connection detected
2024-12-10 17:10:09,284 [WARN] PackLoader:240 - Cannot read IP mode file for STMicroelectronics.FP-SNS-MOTENVWB1.1.4.0
2024-12-10 17:10:09,298 [WARN] PackLoader:240 - Cannot read IP mode file for STMicroelectronics.X-CUBE-SMBUS.2.1.0
2024-12-10 17:10:09,316 [WARN] PackLoader:240 - Cannot read IP mode file for STMicroelectronics.X-CUBE-WB05N.1.1.0
2024-12-10 17:10:09,364 [WARN] PackLoader:240 - Cannot read IP mode file for STMicroelectronics.X-CUBE-AZRTOS-F7.1.1.0
2024-12-10 17:10:09,451 [WARN] PackLoader:240 - Cannot read IP mode file for STMicroelectronics.X-CUBE-MEMS1.11.0.0
2024-12-10 17:10:09,621 [WARN] PackLoader:240 - Cannot read IP mode file for STMicroelectronics.FP-SNS-FLIGHT1.5.0.2
2024-12-10 17:10:09,641 [WARN] PackLoader:240 - Cannot read IP mode file for Infineon.AIROC-Wi-Fi-Bluetooth-STM32.1.7.0
2024-12-10 17:10:09,654 [WARN] PackLoader:240 - Cannot read IP mode file for STMicroelectronics.X-CUBE-DISPLAY.3.0.0
2024-12-10 17:10:09,661 [WARN] PackLoader:240 - Cannot read IP mode file for STMicroelectronics.X-CUBE-BLE1.7.0.0
2024-12-10 17:10:09,667 [WARN] PackLoader:240 - Cannot read IP mode file for STMicroelectronics.X-CUBE-NFC10.1.0.0
2024-12-10 17:10:09,677 [WARN] PackLoader:240 - Cannot read IP mode file for STMicroelectronics.X-CUBE-BLEMGR.4.0.0
2024-12-10 17:10:09,688 [WARN] PackLoader:240 - Cannot read IP mode file for emotas.I-CUBE-CANOPEN.1.3.0
2024-12-10 17:10:09,696 [WARN] PackLoader:240 - Cannot read IP mode file for STMicroelectronics.X-CUBE-BLEMGR.3.1.0
2024-12-10 17:10:09,704 [WARN] PackLoader:240 - Cannot read IP mode file for STMicroelectronics.FP-SNS-SMARTAG2.1.2.0
2024-12-10 17:10:09,714 [INFO] LogOutputStream:77 - [STDOUT_REDIRECT] 1 : Invalid condition id : UX_CORESTACK_Condition cause : null
2024-12-10 17:10:09,716 [INFO] LogOutputStream:77 - [STDOUT_REDIRECT] 1 : Invalid condition id : UX_CORESTACK_Condition cause : null
2024-12-10 17:10:09,717 [INFO] LogOutputStream:77 - [STDOUT_REDIRECT] 1 : Invalid condition id : UX_CORESTACK_Condition cause : null
2024-12-10 17:10:09,719 [INFO] LogOutputStream:77 - [STDOUT_REDIRECT] 1 : Invalid condition id : UX_CORESTACK_Condition cause : null
2024-12-10 17:10:09,720 [INFO] LogOutputStream:77 - [STDOUT_REDIRECT] 1 : Invalid condition id : UX_CORESTACK_Condition cause : null
2024-12-10 17:10:09,722 [WARN] PackLoader:240 - Cannot read IP mode file for STMicroelectronics.X-CUBE-AZRTOS-WL.2.0.0
2024-12-10 17:10:09,728 [WARN] PackLoader:240 - Cannot read IP mode file for STMicroelectronics.FP-SNS-MOTENV1.5.0.0
2024-12-10 17:10:09,732 [WARN] PackLoader:240 - Cannot read IP mode file for wolfSSL.I-CUBE-wolfMQTT.1.19.0
2024-12-10 17:10:09,742 [WARN] PackLoader:240 - Cannot read IP mode file for WES.I-CUBE-Cesium.1.3.0
2024-12-10 17:10:09,747 [WARN] PackLoader:240 - Cannot read IP mode file for STMicroelectronics.X-CUBE-BLE2.3.3.0
2024-12-10 17:10:09,751 [WARN] PackLoader:240 - Cannot read IP mode file for STMicroelectronics.X-CUBE-NFC9.1.0.0
2024-12-10 17:10:09,757 [WARN] PackLoader:240 - Cannot read IP mode file for STMicroelectronics.X-CUBE-TCPP.4.1.0
2024-12-10 17:10:09,771 [WARN] PackLoader:240 - Cannot read IP mode file for STMicroelectronics.X-CUBE-AZRTOS-G0.1.1.0
2024-12-10 17:10:09,791 [WARN] PackLoader:240 - Cannot read IP mode file for STMicroelectronics.X-CUBE-SAFEA1.1.2.2
2024-12-10 17:10:09,801 [WARN] PackLoader:240 - Cannot read IP mode file for STMicroelectronics.X-CUBE-NFC4.3.0.0
2024-12-10 17:10:09,810 [WARN] PackLoader:240 - Cannot read IP mode file for EmbeddedOffice.I-CUBE-FS-RTOS.1.0.1
2024-12-10 17:10:09,815 [WARN] PackLoader:240 - Cannot read IP mode file for RealThread.X-CUBE-RT-Thread_Nano.4.1.1
2024-12-10 17:10:09,820 [WARN] PackLoader:240 - Cannot read IP mode file for STMicroelectronics.FP-ATR-SIGFOX1.3.2.0
2024-12-10 17:10:09,824 [WARN] ConditionMgr:438 - getConditionDescription Invalid condition id : Cortex-A Device cause : null
2024-12-10 17:10:09,828 [INFO] WebApp:187 - Connection restablished
2024-12-10 17:10:09,844 [WARN] ConditionMgr:1044 - genDependencies : Invalid condition id : Cortex-A Device cause : null
2024-12-10 17:10:09,844 [WARN] ConditionMgr:1044 - genDependencies : Invalid condition id : Cortex-A Device cause : null
2024-12-10 17:10:09,845 [WARN] ConditionMgr:1044 - genDependencies : Invalid condition id : Cortex-A Device cause : null
2024-12-10 17:10:09,850 [WARN] PackLoader:240 - Cannot read IP mode file for STMicroelectronics.X-CUBE-EEPRMA1.5.1.0
2024-12-10 17:10:09,858 [WARN] PackLoader:240 - Cannot read IP mode file for wolfSSL.I-CUBE-wolfSSL.5.7.4
2024-12-10 17:10:09,864 [WARN] PackLoader:240 - Cannot read IP mode file for ITTIA_DB.I-CUBE-ITTIADB.8.9.0
2024-12-10 17:10:09,915 [WARN] PackLoader:240 - Cannot read IP mode file for SEGGER.I-CUBE-embOS.1.3.1
2024-12-10 17:10:10,022 [WARN] PackLoader:240 - Cannot read IP mode file for STMicroelectronics.X-CUBE-ALGOBUILD.1.4.0
2024-12-10 17:10:10,030 [WARN] PackLoader:240 - Cannot read IP mode file for STMicroelectronics.X-CUBE-AI.9.1.0
2024-12-10 17:10:10,043 [WARN] PackLoader:240 - Cannot read IP mode file for STMicroelectronics.X-CUBE-AZRTOS-F4.1.1.0
2024-12-10 17:10:10,050 [WARN] PackLoader:240 - Cannot read IP mode file for STMicroelectronics.X-CUBE-ISPU.2.1.0
2024-12-10 17:10:10,055 [WARN] PackLoader:240 - Cannot read IP mode file for STMicroelectronics.X-CUBE-FREERTOS.1.2.0
2024-12-10 17:10:10,070 [WARN] PackLoader:240 - Cannot read IP mode file for STMicroelectronics.X-CUBE-AZRTOS-L5.2.0.0
2024-12-10 17:10:10,081 [WARN] PackLoader:240 - Cannot read IP mode file for STMicroelectronics.X-CUBE-NFC6.3.1.0
2024-12-10 17:10:10,093 [WARN] PackLoader:240 - Cannot read IP mode file for STMicroelectronics.X-CUBE-DPower.1.2.0
2024-12-10 17:10:10,100 [WARN] PackLoader:240 - Cannot read IP mode file for STMicroelectronics.X-CUBE-NFC7.1.0.1
2024-12-10 17:10:10,117 [WARN] ConditionMgr:438 - getConditionDescription Invalid condition id : LAN8742 Phy interface Condition cause : null
2024-12-10 17:10:10,118 [WARN] PackLoader:240 - Cannot read IP mode file for STMicroelectronics.X-CUBE-AZRTOS-L4.2.0.0
2024-12-10 17:10:10,119 [WARN] ConditionMgr:1044 - genDependencies : Invalid condition id : LAN8742 Phy interface Condition cause : null
2024-12-10 17:10:10,119 [WARN] ConditionMgr:1044 - genDependencies : Invalid condition id : LAN8742 Phy interface Condition cause : null
2024-12-10 17:10:10,120 [WARN] ConditionMgr:1044 - genDependencies : Invalid condition id : LAN8742 Phy interface Condition cause : null
2024-12-10 17:10:10,129 [WARN] PackLoader:240 - Cannot read IP mode file for STMicroelectronics.X-CUBE-SFXS2LP1.4.0.0
2024-12-10 17:10:10,148 [WARN] PackLoader:240 - Cannot read IP mode file for STMicroelectronics.X-CUBE-AZRTOS-H7.3.3.0
2024-12-10 17:10:10,158 [WARN] PackLoader:240 - Cannot read IP mode file for STMicroelectronics.X-CUBE-IPS.3.0.0
2024-12-10 17:10:10,172 [WARN] ConditionMgr:438 - getConditionDescription Invalid condition id : UX DEVICE CLASS RTOS Condition cause : null
2024-12-10 17:10:10,173 [WARN] ConditionMgr:438 - getConditionDescription Invalid condition id : UX DEVICE CLASS RTOS Condition cause : null
2024-12-10 17:10:10,174 [WARN] PackLoader:240 - Cannot read IP mode file for STMicroelectronics.X-CUBE-AZRTOS-WB.2.0.0
2024-12-10 17:10:10,174 [WARN] ConditionMgr:1044 - genDependencies : Invalid condition id : UX DEVICE CLASS RTOS Condition cause : null
2024-12-10 17:10:10,174 [WARN] ConditionMgr:1044 - genDependencies : Invalid condition id : UX DEVICE CLASS RTOS Condition cause : null
2024-12-10 17:10:10,175 [WARN] ConditionMgr:1044 - genDependencies : Invalid condition id : UX DEVICE CLASS RTOS Condition cause : null
2024-12-10 17:10:10,175 [WARN] ConditionMgr:1044 - genDependencies : Invalid condition id : UX DEVICE CLASS RTOS Condition cause : null
2024-12-10 17:10:10,175 [WARN] ConditionMgr:1044 - genDependencies : Invalid condition id : UX DEVICE CLASS RTOS Condition cause : null
2024-12-10 17:10:10,183 [WARN] PackLoader:240 - Cannot read IP mode file for STMicroelectronics.X-CUBE-GNSS1.7.0.0
2024-12-10 17:10:10,193 [WARN] PackLoader:240 - Cannot read IP mode file for STMicroelectronics.FP-SNS-STBOX1.2.0.0
2024-12-10 17:10:10,207 [WARN] PackLoader:240 - Cannot read IP mode file for STMicroelectronics.X-CUBE-SUBG2.5.0.0
2024-12-10 17:10:10,215 [WARN] PackLoader:240 - Cannot read IP mode file for Cesanta.I-CUBE-Mongoose.7.13.0
2024-12-10 17:10:10,228 [WARN] PackLoader:240 - Cannot read IP mode file for STMicroelectronics.X-CUBE-AZRTOS-G4.2.0.0
2024-12-10 17:10:10,233 [WARN] PackLoader:240 - Cannot read IP mode file for STMicroelectronics.X-CUBE-ALS.1.0.2
2024-12-10 17:10:10,247 [WARN] PackLoader:240 - Cannot read IP mode file for STMicroelectronics.X-CUBE-TOUCHGFX.4.24.1
2024-12-10 17:10:10,253 [WARN] PackLoader:240 - Cannot read IP mode file for wolfSSL.I-CUBE-wolfTPM.3.4.0
2024-12-10 17:10:10,282 [WARN] PackLoader:240 - Cannot read IP mode file for portGmbH.I-Cube-SoM-uGOAL.1.1.0
2024-12-10 17:10:10,297 [WARN] PackLoader:240 - Cannot read IP mode file for STMicroelectronics.X-CUBE-AZRTOS-H7RS.1.0.0
2024-12-10 17:10:10,314 [WARN] PackLoader:240 - Cannot read IP mode file for STMicroelectronics.X-CUBE-TOF1.3.4.2
2024-12-10 17:10:10,331 [WARN] PackLoader:240 - Cannot read IP mode file for wolfSSL.I-CUBE-wolfSSH.1.4.17
2024-12-10 17:10:10,332 [INFO] ThirdParty:978 - Integrity check success = true
2024-12-10 17:10:10,332 [INFO] IntegrityCheckThread:100 - exiting critical section [integrity check]
2024-12-10 17:10:10,332 [INFO] IntegrityCheckThread:103 - End integrity checks thread
2024-12-10 17:10:11,312 [INFO] WebApp:221 - Starting web application
2024-12-10 17:10:11,312 [INFO] WebApp:579 - Web application path used C:\ST\STM32CubeIDE_1.17.0\STM32CubeIDE\plugins\com.st.stm32cube.common.mx_6.13.0.202411220809\db\plugins\mcufinder\reactClient1\index.html
2024-12-10 17:10:11,619 [INFO] UserAuth:486 - Internet connection configuration mode: 1
2024-12-10 17:10:11,709 [ERROR] LogOutputStream:75 - [STDERR_REDIRECT] 
